15:43:58 **** Auto Build of configuration Debug for project Tester ****
make pre-build main-build 
a9-linaro-pre-build-step
' '
'Building file: ../src/helloworld.c'
'Invoking: ARM v7 gcc compiler'
arm-none-eabi-gcc -Wall -O0 -g3 -c -fmessage-length=0 -MT"src/helloworld.o" -mcpu=cortex-a9 -mfpu=vfpv3 -mfloat-abi=hard -I../../Tester_bsp/ps7_cortexa9_0/include -MMD -MP -MF"src/helloworld.d" -MT"src/helloworld.o" -o "src/helloworld.o" "../src/helloworld.c"
'Finished building: ../src/helloworld.c'
' '
'Building target: Tester.elf'
'Invoking: ARM v7 gcc linker'
arm-none-eabi-gcc -mcpu=cortex-a9 -mfpu=vfpv3 -mfloat-abi=hard -Wl,-build-id=none -specs=Xilinx.spec -Wl,-T -Wl,../src/lscript.ld -L../../Tester_bsp/ps7_cortexa9_0/lib -o "Tester.elf"  ./src/helloworld.o ./src/platform.o   -Wl,--start-group,-lxil,-lgcc,-lc,--end-group
'Finished building target: Tester.elf'
' '
'Invoking: ARM v7 Print Size'
arm-none-eabi-size Tester.elf  |tee "Tester.elf.size"
   text	   data	    bss	    dec	    hex	filename
  25072	   1172	  22584	  48828	   bebc	Tester.elf
'Finished building: Tester.elf.size'
' '

15:44:02 Build Finished (took 3s.581ms)

