#-----------------------------------------------------------
# Vivado v2017.1 (64-bit)
# SW Build 1846317 on Fri Apr 14 18:54:47 MDT 2017
# IP Build 1846188 on Fri Apr 14 20:52:08 MDT 2017
# Start of session at: Fri Jun  9 14:33:08 2017
# Process ID: 21081
# Current directory: /home/carl/vivado/SingleCycleMIPS
# Command line: vivado -mode tcl
# Log file: /home/carl/vivado/SingleCycleMIPS/vivado.log
# Journal file: /home/carl/vivado/SingleCycleMIPS/vivado.jou
#-----------------------------------------------------------
help
open_project SingleCycleMIPS.xpr 
reset_run synth_1
launch-runs synth_1 -jobs 4
launch_runs synth_1 -jobs 4
launch_runs impl_1 -jobs 4
ls
exec cat SingleCycleMIPS.runs/synth_1/runme.log 
exec cat SingleCycleMIPS.runs/impl_1/runme.log 
exec cat SingleCycleMIPS.runs/impl_1/runme.log
exec cat SingleCycleMIPS.runs/impl_1/runme.log
exec cat SingleCycleMIPS.runs/impl_1/runme.log | less
launch_runs -verbose synth_1
reset_run synth_1
launch_runs -verbose synth_1
reset_run synth_1
wait_on_run synth_1 -jobs 4
wait_on_run -help
launch_runs impl_1 -jobs 4
wait_on_run impl_1
launch_simulation -help
launch_simulation -mode post-implementation -type timing 
source design_1_wrapper.tcl
close_sim 
close_project 
close
